// Jest Snapshot v1, https://goo.gl/fbAQLP

exports[`Budget matches snapshot 1`] = `
<DocumentFragment>
  <div
    class="css-8w9okj-Container e1dz7f3g7"
    data-testid="budget"
  >
    <div
      class="css-1qtj0e0-Fill e1dz7f3g0"
      value="50"
    />
    <div
      class="css-15xwpwu-InfoContainer e1dz7f3g6"
    >
      <div
        class="css-njdknn-NameContainer e1dz7f3g2"
      >
        <div
          class="css-kh8k75-Name e1dz7f3g5"
        >
          TEST
        </div>
      </div>
      <div
        class="css-7nkki1-Value e1dz7f3g1"
      >
        Â£50.00
      </div>
    </div>
  </div>
</DocumentFragment>
`;
